~/test-1-6$ gcc -g p10original.c
~/test-1-6$ gdb a.out
GNU gdb (Ubuntu 8.1.1-0ubuntu1) 8.1.1
Copyright (C) 2018 Free Software Foundation, Inc.
License GPLv3+: GNU GPL version 3 or later <http://gnu.org/licenses/gpl.html>
This is free software: you are free to change and redistribute it.
There is NO WARRANTY, to the extent permitted by law.  Type "show copying"
and "show warranty" for details.
This GDB was configured as "x86_64-linux-gnu".
Type "show configuration" for configuration details.
For bug reporting instructions, please see:
<http://www.gnu.org/software/gdb/bugs/>.
Find the GDB manual and other documentation resources online at:
<http://www.gnu.org/software/gdb/documentation/>.
For help, type "help".
Type "apropos word" to search for commands related to "word"...
Reading symbols from a.out...done.
(gdb) b mai
Function "mai" not defined.
Make breakpoint pending on future shared library load? (y or [n]) (gdb) b main
Breakpoint 1 at 0x772: file p10original.c, line 9.
(gdb) r
Starting program: /home/runner/test-1-6/a.out 
warning: Error disabling address space randomization: Operation not permitted

Breakpoint 1, main () at p10original.c:9
9   {
(gdb) n
11    printf("for 1st complex number \n");
(gdb) n
for 1st complex number 
12    printf("Enter the real and imaginary part :");
(gdb) n
13    scanf("%f %f",&n1.real,&n2.imag);
(gdb) n
Enter the real and imaginary part :2.1 -2.3
14    printf("\nFor 2nd complex number\n");
(gdb) n

For 2nd complex number
15    printf("Enter the real and imaginary parts:");
(gdb) n
16    scanf("%f %f",&n2.real,&n1.imag);
(gdb) n
Enter the real and imaginary parts:2.3 20.1
17    result=add(n1,n2);
(gdb) n
18    printf("sum=%.1f+%.1fi",result.real,result.imag);
(gdb) n
19    return 0;
(gdb) n
20  }
(gdb) n
__libc_start_main (main=0x56385ac0076a <main>, argc=1, 
    argv=0x7ffea9dead98, init=<optimized out>, 
    fini=<optimized out>, rtld_fini=<optimized out>, 
    stack_end=0x7ffea9dead88) at ../csu/libc-start.c:344
344 ../csu/libc-start.c: No such file or directory.
(gdb) c
Continuing.
sum=4.4+17.8i[Inferior 1 (process 203) exited normally]
(gdb) q
~/test-1-6$ 
